// Jest Snapshot v1, https://goo.gl/fbAQLP

exports[`Snapshot 1`] = `
Object {
  "Outputs": Object {
    "testJenkinsServiceLoadBalancerDNS8A16251A": Object {
      "Value": Object {
        "Fn::GetAtt": Array [
          "testJenkinsServiceLB4990ACE9",
          "DNSName",
        ],
      },
    },
    "testJenkinsServiceServiceURLE8D5BB19": Object {
      "Value": Object {
        "Fn::Join": Array [
          "",
          Array [
            "http://",
            Object {
              "Fn::GetAtt": Array [
                "testJenkinsServiceLB4990ACE9",
                "DNSName",
              ],
            },
          ],
        ],
      },
    },
  },
  "Resources": Object {
    "testCluster04CD0DB8": Object {
      "Type": "AWS::ECS::Cluster",
    },
    "testClusterDefaultServiceDiscoveryNamespaceF56646A5": Object {
      "Properties": Object {
        "Name": "jenkins",
        "Vpc": "vpc-12345",
      },
      "Type": "AWS::ServiceDiscovery::PrivateDnsNamespace",
    },
    "testCreateEC2WorkerPolicyBA3D5074": Object {
      "Properties": Object {
        "Description": "",
        "ManagedPolicyName": "testCreateEC2WorkerPolicy",
        "Path": "/",
        "PolicyDocument": Object {
          "Statement": Array [
            Object {
              "Action": Array [
                "ec2:DescribeSpotInstanceRequests",
                "ec2:CancelSpotInstanceRequests",
                "ec2:GetConsoleOutput",
                "ec2:RequestSpotInstances",
                "ec2:RunInstances",
                "ec2:StartInstances",
                "ec2:StopInstances",
                "ec2:TerminateInstances",
                "ec2:CreateTags",
                "ec2:DeleteTags",
                "ec2:DescribeInstances",
                "ec2:DescribeKeyPairs",
                "ec2:DescribeRegions",
                "ec2:DescribeImages",
                "ec2:DescribeAvailabilityZones",
                "ec2:DescribeSecurityGroups",
                "ec2:DescribeSubnets",
                "ec2:GetPasswordData",
                "iam:ListInstanceProfilesForRole",
                "iam:PassRole",
              ],
              "Effect": "Allow",
              "Resource": "*",
            },
          ],
          "Version": "2012-10-17",
        },
      },
      "Type": "AWS::IAM::ManagedPolicy",
    },
    "testCreateECSWorkerPolicyFC79765E": Object {
      "Properties": Object {
        "Description": "",
        "ManagedPolicyName": "testCreateECSWorkerPolicy",
        "Path": "/",
        "PolicyDocument": Object {
          "Statement": Array [
            Object {
              "Action": Array [
                "ecs:RegisterTaskDefinition",
                "ecs:ListClusters",
                "ecs:DescribeContainerInstances",
                "ecs:ListTaskDefinitions",
                "ecs:DescribeTaskDefinition",
                "ecs:DeregisterTaskDefinition",
                "ecs:ListContainerInstances",
                "ecs:RunTask",
                "ecs:StopTask",
                "ecs:DescribeTasks",
              ],
              "Effect": "Allow",
              "Resource": "*",
            },
          ],
          "Version": "2012-10-17",
        },
      },
      "Type": "AWS::IAM::ManagedPolicy",
    },
    "testDefaultSecurityGroupfromtesttestJenkinsServiceLBSecurityGroup5101FF398080CDDCA859": Object {
      "Properties": Object {
        "Description": "Load balancer to target",
        "FromPort": 8080,
        "IpProtocol": "tcp",
        "SourceSecurityGroupId": Object {
          "Fn::GetAtt": Array [
            "testJenkinsServiceLBSecurityGroupAF09D6F0",
            "GroupId",
          ],
        },
        "ToPort": 8080,
      },
      "Type": "AWS::EC2::SecurityGroupIngress",
    },
    "testExecutionRoleA7C4E8A8": Object {
      "Properties": Object {
        "AssumeRolePolicyDocument": Object {
          "Statement": Array [
            Object {
              "Action": "sts:AssumeRole",
              "Effect": "Allow",
              "Principal": Object {
                "Service": "ecs-tasks.amazonaws.com",
              },
            },
          ],
          "Version": "2012-10-17",
        },
        "ManagedPolicyArns": Array [
          Object {
            "Fn::Join": Array [
              "",
              Array [
                "arn:",
                Object {
                  "Ref": "AWS::Partition",
                },
                ":iam::aws:policy/service-role/AmazonECSTaskExecutionRolePolicy",
              ],
            ],
          },
        ],
        "RoleName": "testExecutionRole",
      },
      "Type": "AWS::IAM::Role",
    },
    "testExecutionRoleDefaultPolicyE862649B": Object {
      "Properties": Object {
        "PolicyDocument": Object {
          "Statement": Array [
            Object {
              "Action": Array [
                "ecr:BatchCheckLayerAvailability",
                "ecr:GetDownloadUrlForLayer",
                "ecr:BatchGetImage",
              ],
              "Effect": "Allow",
              "Resource": Object {
                "Fn::Join": Array [
                  "",
                  Array [
                    "arn:",
                    Object {
                      "Ref": "AWS::Partition",
                    },
                    ":ecr:ap-northeast-1:12345678:repository/aws-cdk/assets",
                  ],
                ],
              },
            },
            Object {
              "Action": "ecr:GetAuthorizationToken",
              "Effect": "Allow",
              "Resource": "*",
            },
            Object {
              "Action": Array [
                "logs:CreateLogStream",
                "logs:PutLogEvents",
              ],
              "Effect": "Allow",
              "Resource": Object {
                "Fn::GetAtt": Array [
                  "testJenkinsLogGroupF5142623",
                  "Arn",
                ],
              },
            },
            Object {
              "Action": Array [
                "secretsmanager:GetSecretValue",
                "secretsmanager:DescribeSecret",
              ],
              "Effect": "Allow",
              "Resource": "arn:aws:secretsmanager:ap-northeast-1:873556626032:secret:test-ZOUxvI",
            },
          ],
          "Version": "2012-10-17",
        },
        "PolicyName": "testExecutionRoleDefaultPolicyE862649B",
        "Roles": Array [
          Object {
            "Ref": "testExecutionRoleA7C4E8A8",
          },
        ],
      },
      "Type": "AWS::IAM::Policy",
    },
    "testJenkinsLeaderTaskRole92FC333E": Object {
      "Properties": Object {
        "AssumeRolePolicyDocument": Object {
          "Statement": Array [
            Object {
              "Action": "sts:AssumeRole",
              "Effect": "Allow",
              "Principal": Object {
                "Service": "ecs-tasks.amazonaws.com",
              },
            },
          ],
          "Version": "2012-10-17",
        },
        "ManagedPolicyArns": Array [
          Object {
            "Ref": "testCreateEC2WorkerPolicyBA3D5074",
          },
          Object {
            "Ref": "testCreateECSWorkerPolicyFC79765E",
          },
        ],
        "RoleName": "testJenkinsLeaderTaskRole",
      },
      "Type": "AWS::IAM::Role",
    },
    "testJenkinsLogGroupF5142623": Object {
      "DeletionPolicy": "Retain",
      "Properties": Object {
        "RetentionInDays": 1,
      },
      "Type": "AWS::Logs::LogGroup",
      "UpdateReplacePolicy": "Retain",
    },
    "testJenkinsService9A6154BF": Object {
      "DependsOn": Array [
        "testJenkinsServiceLBPublicListenerECSGroup71230740",
        "testJenkinsServiceLBPublicListener33D3DF87",
      ],
      "Properties": Object {
        "Cluster": Object {
          "Ref": "testCluster04CD0DB8",
        },
        "DeploymentConfiguration": Object {
          "MaximumPercent": 200,
          "MinimumHealthyPercent": 50,
        },
        "DesiredCount": 1,
        "EnableECSManagedTags": false,
        "HealthCheckGracePeriodSeconds": 60,
        "LaunchType": "FARGATE",
        "LoadBalancers": Array [
          Object {
            "ContainerName": "web",
            "ContainerPort": 8080,
            "TargetGroupArn": Object {
              "Ref": "testJenkinsServiceLBPublicListenerECSGroup71230740",
            },
          },
        ],
        "NetworkConfiguration": Object {
          "AwsvpcConfiguration": Object {
            "AssignPublicIp": "DISABLED",
            "SecurityGroups": Array [],
            "Subnets": Array [
              "p-12345",
              "p-67890",
            ],
          },
        },
        "ServiceRegistries": Array [
          Object {
            "RegistryArn": Object {
              "Fn::GetAtt": Array [
                "testJenkinsServiceCloudmapService8A21E502",
                "Arn",
              ],
            },
          },
        ],
        "TaskDefinition": Object {
          "Ref": "testJenkinsServiceTaskDef575A654E",
        },
      },
      "Type": "AWS::ECS::Service",
    },
    "testJenkinsServiceCloudmapService8A21E502": Object {
      "Properties": Object {
        "DnsConfig": Object {
          "DnsRecords": Array [
            Object {
              "TTL": 60,
              "Type": "A",
            },
          ],
          "NamespaceId": Object {
            "Fn::GetAtt": Array [
              "testClusterDefaultServiceDiscoveryNamespaceF56646A5",
              "Id",
            ],
          },
          "RoutingPolicy": "MULTIVALUE",
        },
        "HealthCheckCustomConfig": Object {
          "FailureThreshold": 1,
        },
        "Name": "leader",
        "NamespaceId": Object {
          "Fn::GetAtt": Array [
            "testClusterDefaultServiceDiscoveryNamespaceF56646A5",
            "Id",
          ],
        },
      },
      "Type": "AWS::ServiceDiscovery::Service",
    },
    "testJenkinsServiceLB4990ACE9": Object {
      "Properties": Object {
        "LoadBalancerAttributes": Array [
          Object {
            "Key": "deletion_protection.enabled",
            "Value": "false",
          },
        ],
        "Scheme": "internet-facing",
        "SecurityGroups": Array [
          Object {
            "Fn::GetAtt": Array [
              "testJenkinsServiceLBSecurityGroupAF09D6F0",
              "GroupId",
            ],
          },
        ],
        "Subnets": Array [
          "s-12345",
          "s-67890",
        ],
        "Type": "application",
      },
      "Type": "AWS::ElasticLoadBalancingV2::LoadBalancer",
    },
    "testJenkinsServiceLBPublicListener33D3DF87": Object {
      "Properties": Object {
        "DefaultActions": Array [
          Object {
            "TargetGroupArn": Object {
              "Ref": "testJenkinsServiceLBPublicListenerECSGroup71230740",
            },
            "Type": "forward",
          },
        ],
        "LoadBalancerArn": Object {
          "Ref": "testJenkinsServiceLB4990ACE9",
        },
        "Port": 80,
        "Protocol": "HTTP",
      },
      "Type": "AWS::ElasticLoadBalancingV2::Listener",
    },
    "testJenkinsServiceLBPublicListenerECSGroup71230740": Object {
      "Properties": Object {
        "HealthCheckPath": "/login",
        "Port": 80,
        "Protocol": "HTTP",
        "TargetType": "ip",
        "VpcId": "vpc-12345",
      },
      "Type": "AWS::ElasticLoadBalancingV2::TargetGroup",
    },
    "testJenkinsServiceLBSecurityGroupAF09D6F0": Object {
      "Properties": Object {
        "GroupDescription": "Automatically created Security Group for ELB testtestJenkinsServiceLB05A9E772",
        "SecurityGroupIngress": Array [
          Object {
            "CidrIp": "0.0.0.0/0",
            "Description": "Allow from anyone on port 80",
            "FromPort": 80,
            "IpProtocol": "tcp",
            "ToPort": 80,
          },
        ],
        "VpcId": "vpc-12345",
      },
      "Type": "AWS::EC2::SecurityGroup",
    },
    "testJenkinsServiceLBSecurityGrouptotesttestDefaultSecurityGroupFCC98A92808024481086": Object {
      "Properties": Object {
        "Description": "Load balancer to target",
        "FromPort": 8080,
        "GroupId": Object {
          "Fn::GetAtt": Array [
            "testJenkinsServiceLBSecurityGroupAF09D6F0",
            "GroupId",
          ],
        },
        "IpProtocol": "tcp",
        "ToPort": 8080,
      },
      "Type": "AWS::EC2::SecurityGroupEgress",
    },
    "testJenkinsServiceTaskDef575A654E": Object {
      "Properties": Object {
        "ContainerDefinitions": Array [
          Object {
            "Environment": Array [
              Object {
                "Name": "GITHUB_USERNAME",
                "Value": "kirkchen",
              },
              Object {
                "Name": "GITHUB_REPO",
                "Value": "jenkins-as-code-example",
              },
              Object {
                "Name": "JENKINS_ADMIN_ACCOUNT",
                "Value": "admin",
              },
              Object {
                "Name": "JENKINS_WINDOWS_WORKER_AMI",
                "Value": "ami-0209072377fde2f62",
              },
              Object {
                "Name": "JENKINS_WINDOWS_WORKER_ACCOUNT",
                "Value": "jenkins",
              },
              Object {
                "Name": "JENKINS_WINDOWS_WORKER_SUBNETS",
                "Value": "p-12345 p-67890",
              },
              Object {
                "Name": "JENKINS_LINUX_WORKER_ECS_CLUSTER_ARN",
                "Value": Object {
                  "Fn::GetAtt": Array [
                    "testCluster04CD0DB8",
                    "Arn",
                  ],
                },
              },
              Object {
                "Name": "JENKINS_LINUX_WORKER_SECURITY_GROUPS",
              },
              Object {
                "Name": "JENKINS_LINUX_WORKER_SUBNETS",
                "Value": "p-12345,p-67890",
              },
              Object {
                "Name": "JENKINS_LINUX_WORKER_TASK_ROLE",
                "Value": Object {
                  "Fn::GetAtt": Array [
                    "testJenkinsWorkerTaskRole2FB4851B",
                    "Arn",
                  ],
                },
              },
              Object {
                "Name": "JENKINS_LINUX_WORKER_EXECUTION_ROLE",
                "Value": Object {
                  "Fn::GetAtt": Array [
                    "testExecutionRoleA7C4E8A8",
                    "Arn",
                  ],
                },
              },
              Object {
                "Name": "JENKINS_LINUX_WORKER_LOGS_GROUP",
                "Value": Object {
                  "Ref": "testJenkinsLogGroupF5142623",
                },
              },
            ],
            "Essential": true,
            "Image": Object {
              "Fn::Join": Array [
                "",
                Array [
                  "12345678.dkr.ecr.ap-northeast-1.",
                  Object {
                    "Ref": "AWS::URLSuffix",
                  },
                  "/aws-cdk/assets:00cf9f4247d7185198a20b25b880165de6ed4bc7d583b4f1c5c6a9f720c8c0e3",
                ],
              ],
            },
            "LogConfiguration": Object {
              "LogDriver": "awslogs",
              "Options": Object {
                "awslogs-group": Object {
                  "Ref": "testJenkinsLogGroupF5142623",
                },
                "awslogs-region": "ap-northeast-1",
                "awslogs-stream-prefix": "jenkins-leader",
              },
            },
            "Name": "web",
            "PortMappings": Array [
              Object {
                "ContainerPort": 8080,
                "Protocol": "tcp",
              },
              Object {
                "ContainerPort": 50000,
                "HostPort": 50000,
                "Protocol": "tcp",
              },
            ],
            "Secrets": Array [
              Object {
                "Name": "AWS_KEYPAIR",
                "ValueFrom": "arn:aws:secretsmanager:ap-northeast-1:873556626032:secret:test-ZOUxvI",
              },
              Object {
                "Name": "GITHUB_TOKEN",
                "ValueFrom": "arn:aws:secretsmanager:ap-northeast-1:873556626032:secret:test-ZOUxvI",
              },
              Object {
                "Name": "JENKINS_ADMIN_PASSWORD",
                "ValueFrom": "arn:aws:secretsmanager:ap-northeast-1:873556626032:secret:test-ZOUxvI",
              },
              Object {
                "Name": "JENKINS_WINDOWS_WORKER_PASSWORD",
                "ValueFrom": "arn:aws:secretsmanager:ap-northeast-1:873556626032:secret:test-ZOUxvI",
              },
            ],
          },
        ],
        "Cpu": "2048",
        "ExecutionRoleArn": Object {
          "Fn::GetAtt": Array [
            "testExecutionRoleA7C4E8A8",
            "Arn",
          ],
        },
        "Family": "testtestJenkinsServiceTaskDefBCA7FE71",
        "Memory": "4096",
        "NetworkMode": "awsvpc",
        "RequiresCompatibilities": Array [
          "FARGATE",
        ],
        "TaskRoleArn": Object {
          "Fn::GetAtt": Array [
            "testJenkinsLeaderTaskRole92FC333E",
            "Arn",
          ],
        },
      },
      "Type": "AWS::ECS::TaskDefinition",
    },
    "testJenkinsWorkerTaskRole2FB4851B": Object {
      "Properties": Object {
        "AssumeRolePolicyDocument": Object {
          "Statement": Array [
            Object {
              "Action": "sts:AssumeRole",
              "Effect": "Allow",
              "Principal": Object {
                "Service": "ecs-tasks.amazonaws.com",
              },
            },
          ],
          "Version": "2012-10-17",
        },
        "RoleName": "testJenkinsWorkerTaskRole",
      },
      "Type": "AWS::IAM::Role",
    },
  },
}
`;
